
> Configure project :
Fabric Loom: 1.13.6

> Task :exportClasspath UP-TO-DATE

> Task :compileJava
C:\Users\parkj\IdeaProjects\UsefulCommand\src\main\java\org\karn\usefulcommand\commands\Absorption.java:20: error: incompatible types: Entity cannot be converted to PlayerConfigEntry
                .requires(source -> source.getServer().getPermissionLevel(source.getEntity()) >= 2)
                                                                                          ^
C:\Users\parkj\IdeaProjects\UsefulCommand\src\main\java\org\karn\usefulcommand\commands\Camera.java:18: error: incompatible types: Entity cannot be converted to PlayerConfigEntry
				.requires(source -> source.getServer().getPermissionLevel(source.getEntity()) >= 2)
				                                                                          ^
C:\Users\parkj\IdeaProjects\UsefulCommand\src\main\java\org\karn\usefulcommand\commands\Cooldown.java:23: error: incompatible types: Entity cannot be converted to PlayerConfigEntry
                .requires(source -> source.getServer().getPermissionLevel(source.getEntity()) >= 2)
                                                                                          ^
C:\Users\parkj\IdeaProjects\UsefulCommand\src\main\java\org\karn\usefulcommand\commands\DamageTilt.java:21: error: incompatible types: Entity cannot be converted to PlayerConfigEntry
                .requires(source -> source.getServer().getPermissionLevel(source.getEntity()) >= 2)
                                                                                          ^
C:\Users\parkj\IdeaProjects\UsefulCommand\src\main\java\org\karn\usefulcommand\commands\Explosion.java:25: error: incompatible types: Entity cannot be converted to PlayerConfigEntry
                .requires(source -> source.getServer().getPermissionLevel(source.getEntity()) >= 2)
                                                                                          ^
C:\Users\parkj\IdeaProjects\UsefulCommand\src\main\java\org\karn\usefulcommand\commands\Fire.java:17: error: incompatible types: Entity cannot be converted to PlayerConfigEntry
                .requires(source -> source.getServer().getPermissionLevel(source.getEntity()) >= 2)
                                                                                          ^
C:\Users\parkj\IdeaProjects\UsefulCommand\src\main\java\org\karn\usefulcommand\commands\Food.java:18: error: incompatible types: Entity cannot be converted to PlayerConfigEntry
                .requires(source -> source.getServer().getPermissionLevel(source.getEntity()) >= 2)
                                                                                          ^
C:\Users\parkj\IdeaProjects\UsefulCommand\src\main\java\org\karn\usefulcommand\commands\Freeze.java:17: error: incompatible types: Entity cannot be converted to PlayerConfigEntry
                .requires(source -> source.getServer().getPermissionLevel(source.getEntity()) >= 2)
                                                                                          ^
C:\Users\parkj\IdeaProjects\UsefulCommand\src\main\java\org\karn\usefulcommand\commands\Glide.java:15: error: incompatible types: Entity cannot be converted to PlayerConfigEntry
                .requires(source -> source.getServer().getPermissionLevel(source.getEntity()) >= 2)
                                                                                          ^
C:\Users\parkj\IdeaProjects\UsefulCommand\src\main\java\org\karn\usefulcommand\commands\Gravity.java:17: error: incompatible types: Entity cannot be converted to PlayerConfigEntry
                .requires(source -> source.getServer().getPermissionLevel(source.getEntity()) >= 2)
                                                                                          ^
C:\Users\parkj\IdeaProjects\UsefulCommand\src\main\java\org\karn\usefulcommand\commands\Heal.java:17: error: incompatible types: Entity cannot be converted to PlayerConfigEntry
				.requires(source -> source.getServer().getPermissionLevel(source.getEntity()) >= 2)
				                                                                          ^
C:\Users\parkj\IdeaProjects\UsefulCommand\src\main\java\org\karn\usefulcommand\commands\Invulnerable.java:17: error: incompatible types: Entity cannot be converted to PlayerConfigEntry
                .requires(source -> source.getServer().getPermissionLevel(source.getEntity()) >= 2)
                                                                                          ^
C:\Users\parkj\IdeaProjects\UsefulCommand\src\main\java\org\karn\usefulcommand\commands\Motion.java:18: error: incompatible types: Entity cannot be converted to PlayerConfigEntry
				.requires(source -> source.getServer().getPermissionLevel(source.getEntity()) >= 2)
				                                                                          ^
C:\Users\parkj\IdeaProjects\UsefulCommand\src\main\java\org\karn\usefulcommand\commands\MotionUpdate.java:16: error: incompatible types: Entity cannot be converted to PlayerConfigEntry
                .requires(source -> source.getServer().getPermissionLevel(source.getEntity()) >= 2)
                                                                                          ^
C:\Users\parkj\IdeaProjects\UsefulCommand\src\main\java\org\karn\usefulcommand\commands\MouseItem.java:17: error: incompatible types: Entity cannot be converted to PlayerConfigEntry
                .requires(source -> source.getServer().getPermissionLevel(source.getEntity()) >= 2)
                                                                                          ^
C:\Users\parkj\IdeaProjects\UsefulCommand\src\main\java\org\karn\usefulcommand\commands\PlayerAbility.java:18: error: incompatible types: Entity cannot be converted to PlayerConfigEntry
                .requires(source -> source.getServer().getPermissionLevel(source.getEntity()) >= 2)
                                                                                          ^
C:\Users\parkj\IdeaProjects\UsefulCommand\src\main\java\org\karn\usefulcommand\commands\Ptime.java:20: error: incompatible types: Entity cannot be converted to PlayerConfigEntry
                .requires(source -> source.getServer().getPermissionLevel(source.getEntity()) >= 2)
                                                                                          ^
C:\Users\parkj\IdeaProjects\UsefulCommand\src\main\java\org\karn\usefulcommand\commands\Timeflow.java:21: error: incompatible types: Entity cannot be converted to PlayerConfigEntry
                .requires(source -> source.getServer().getPermissionLevel(source.getEntity()) >= 2)
                                                                                          ^
Note: Some messages have been simplified; recompile with -Xdiags:verbose to get full output
18 errors

> Task :compileJava FAILED

[Incubating] Problems report is available at: file:///C:/Users/parkj/IdeaProjects/UsefulCommand/build/reports/problems/problems-report.html

FAILURE: Build failed with an exception.

* What went wrong:
Execution failed for task ':compileJava'.
> Compilation failed; see the compiler output below.
  C:\Users\parkj\IdeaProjects\UsefulCommand\src\main\java\org\karn\usefulcommand\commands\Absorption.java:20: error: incompatible types: Entity cannot be converted to PlayerConfigEntry
                  .requires(source -> source.getServer().getPermissionLevel(source.getEntity()) >= 2)
                                                                                            ^
  C:\Users\parkj\IdeaProjects\UsefulCommand\src\main\java\org\karn\usefulcommand\commands\Camera.java:18: error: incompatible types: Entity cannot be converted to PlayerConfigEntry
  				.requires(source -> source.getServer().getPermissionLevel(source.getEntity()) >= 2)
  				                                                                          ^
  C:\Users\parkj\IdeaProjects\UsefulCommand\src\main\java\org\karn\usefulcommand\commands\Cooldown.java:23: error: incompatible types: Entity cannot be converted to PlayerConfigEntry
                  .requires(source -> source.getServer().getPermissionLevel(source.getEntity()) >= 2)
                                                                                            ^
  C:\Users\parkj\IdeaProjects\UsefulCommand\src\main\java\org\karn\usefulcommand\commands\DamageTilt.java:21: error: incompatible types: Entity cannot be converted to PlayerConfigEntry
                  .requires(source -> source.getServer().getPermissionLevel(source.getEntity()) >= 2)
                                                                                            ^
  C:\Users\parkj\IdeaProjects\UsefulCommand\src\main\java\org\karn\usefulcommand\commands\Explosion.java:25: error: incompatible types: Entity cannot be converted to PlayerConfigEntry
                  .requires(source -> source.getServer().getPermissionLevel(source.getEntity()) >= 2)
                                                                                            ^
  C:\Users\parkj\IdeaProjects\UsefulCommand\src\main\java\org\karn\usefulcommand\commands\Fire.java:17: error: incompatible types: Entity cannot be converted to PlayerConfigEntry
                  .requires(source -> source.getServer().getPermissionLevel(source.getEntity()) >= 2)
                                                                                            ^
  C:\Users\parkj\IdeaProjects\UsefulCommand\src\main\java\org\karn\usefulcommand\commands\Food.java:18: error: incompatible types: Entity cannot be converted to PlayerConfigEntry
                  .requires(source -> source.getServer().getPermissionLevel(source.getEntity()) >= 2)
                                                                                            ^
  C:\Users\parkj\IdeaProjects\UsefulCommand\src\main\java\org\karn\usefulcommand\commands\Freeze.java:17: error: incompatible types: Entity cannot be converted to PlayerConfigEntry
                  .requires(source -> source.getServer().getPermissionLevel(source.getEntity()) >= 2)
                                                                                            ^
  C:\Users\parkj\IdeaProjects\UsefulCommand\src\main\java\org\karn\usefulcommand\commands\Glide.java:15: error: incompatible types: Entity cannot be converted to PlayerConfigEntry
                  .requires(source -> source.getServer().getPermissionLevel(source.getEntity()) >= 2)
                                                                                            ^
  C:\Users\parkj\IdeaProjects\UsefulCommand\src\main\java\org\karn\usefulcommand\commands\Gravity.java:17: error: incompatible types: Entity cannot be converted to PlayerConfigEntry
                  .requires(source -> source.getServer().getPermissionLevel(source.getEntity()) >= 2)
                                                                                            ^
  C:\Users\parkj\IdeaProjects\UsefulCommand\src\main\java\org\karn\usefulcommand\commands\Heal.java:17: error: incompatible types: Entity cannot be converted to PlayerConfigEntry
  				.requires(source -> source.getServer().getPermissionLevel(source.getEntity()) >= 2)
  				                                                                          ^
  C:\Users\parkj\IdeaProjects\UsefulCommand\src\main\java\org\karn\usefulcommand\commands\Invulnerable.java:17: error: incompatible types: Entity cannot be converted to PlayerConfigEntry
                  .requires(source -> source.getServer().getPermissionLevel(source.getEntity()) >= 2)
                                                                                            ^
  C:\Users\parkj\IdeaProjects\UsefulCommand\src\main\java\org\karn\usefulcommand\commands\Motion.java:18: error: incompatible types: Entity cannot be converted to PlayerConfigEntry
  				.requires(source -> source.getServer().getPermissionLevel(source.getEntity()) >= 2)
  				                                                                          ^
  C:\Users\parkj\IdeaProjects\UsefulCommand\src\main\java\org\karn\usefulcommand\commands\MotionUpdate.java:16: error: incompatible types: Entity cannot be converted to PlayerConfigEntry
                  .requires(source -> source.getServer().getPermissionLevel(source.getEntity()) >= 2)
                                                                                            ^
  C:\Users\parkj\IdeaProjects\UsefulCommand\src\main\java\org\karn\usefulcommand\commands\MouseItem.java:17: error: incompatible types: Entity cannot be converted to PlayerConfigEntry
                  .requires(source -> source.getServer().getPermissionLevel(source.getEntity()) >= 2)
                                                                                            ^
  C:\Users\parkj\IdeaProjects\UsefulCommand\src\main\java\org\karn\usefulcommand\commands\PlayerAbility.java:18: error: incompatible types: Entity cannot be converted to PlayerConfigEntry
                  .requires(source -> source.getServer().getPermissionLevel(source.getEntity()) >= 2)
                                                                                            ^
  C:\Users\parkj\IdeaProjects\UsefulCommand\src\main\java\org\karn\usefulcommand\commands\Ptime.java:20: error: incompatible types: Entity cannot be converted to PlayerConfigEntry
                  .requires(source -> source.getServer().getPermissionLevel(source.getEntity()) >= 2)
                                                                                            ^
  C:\Users\parkj\IdeaProjects\UsefulCommand\src\main\java\org\karn\usefulcommand\commands\Timeflow.java:21: error: incompatible types: Entity cannot be converted to PlayerConfigEntry
                  .requires(source -> source.getServer().getPermissionLevel(source.getEntity()) >= 2)
                                                                                            ^
  Note: Some messages have been simplified; recompile with -Xdiags:verbose to get full output
  18 errors

* Try:
> Check your code and dependencies to fix the compilation error(s)
> Run with --scan to get full insights.

Deprecated Gradle features were used in this build, making it incompatible with Gradle 9.0.

You can use '--warning-mode all' to show the individual deprecation warnings and determine if they come from your own scripts or plugins.

For more on this, please refer to https://docs.gradle.org/8.14/userguide/command_line_interface.html#sec:command_line_warnings in the Gradle documentation.

BUILD FAILED in 7s
2 actionable tasks: 1 executed, 1 up-to-date
